// Jest Snapshot v1, https://goo.gl/fbAQLP

exports[`should render properly 1`] = `
ShallowWrapper {
  "length": 1,
  Symbol(enzyme.__root__): [Circular],
  Symbol(enzyme.__unrendered__): <AppBar
    title="Oh hai"
/>,
  Symbol(enzyme.__renderer__): Object {
    "batchedUpdates": [Function],
    "getNode": [Function],
    "render": [Function],
    "simulateEvent": [Function],
    "unmount": [Function],
  },
  Symbol(enzyme.__node__): Object {
    "instance": null,
    "key": null,
    "nodeType": "host",
    "props": Object {
      "children": <NavLink
        activeClassName="active"
        ariaCurrent="true"
        className="AppBar__link"
        to="/"
>
        <h1
                className="AppBar__title"
        >
                Oh hai
                 
        </h1>
</NavLink>,
      "className": "AppBar",
    },
    "ref": null,
    "rendered": Object {
      "instance": null,
      "key": null,
      "nodeType": "function",
      "props": Object {
        "activeClassName": "active",
        "ariaCurrent": "true",
        "children": <h1
          className="AppBar__title"
>
          Oh hai
           
</h1>,
        "className": "AppBar__link",
        "to": "/",
      },
      "ref": null,
      "rendered": Object {
        "instance": null,
        "key": null,
        "nodeType": "host",
        "props": Object {
          "children": Array [
            "Oh hai",
            " ",
          ],
          "className": "AppBar__title",
        },
        "ref": null,
        "rendered": Array [
          "Oh hai",
          " ",
        ],
        "type": "h1",
      },
      "type": [Function],
    },
    "type": "div",
  },
  Symbol(enzyme.__nodes__): Array [
    Object {
      "instance": null,
      "key": null,
      "nodeType": "host",
      "props": Object {
        "children": <NavLink
          activeClassName="active"
          ariaCurrent="true"
          className="AppBar__link"
          to="/"
>
          <h1
                    className="AppBar__title"
          >
                    Oh hai
                     
          </h1>
</NavLink>,
        "className": "AppBar",
      },
      "ref": null,
      "rendered": Object {
        "instance": null,
        "key": null,
        "nodeType": "function",
        "props": Object {
          "activeClassName": "active",
          "ariaCurrent": "true",
          "children": <h1
            className="AppBar__title"
>
            Oh hai
             
</h1>,
          "className": "AppBar__link",
          "to": "/",
        },
        "ref": null,
        "rendered": Object {
          "instance": null,
          "key": null,
          "nodeType": "host",
          "props": Object {
            "children": Array [
              "Oh hai",
              " ",
            ],
            "className": "AppBar__title",
          },
          "ref": null,
          "rendered": Array [
            "Oh hai",
            " ",
          ],
          "type": "h1",
        },
        "type": [Function],
      },
      "type": "div",
    },
  ],
  Symbol(enzyme.__options__): Object {
    "adapter": ReactSixteenAdapter {
      "options": Object {
        "enableComponentDidUpdateOnSetState": true,
      },
    },
  },
}
`;
