// Jest Snapshot v1, https://goo.gl/fbAQLP

exports[`should render properly 1`] = `
ShallowWrapper {
  "length": 1,
  Symbol(enzyme.__root__): [Circular],
  Symbol(enzyme.__unrendered__): <Home
    fetchJedi={[Function]}
    jedi={
        Array [
            Object {
              "id": 0,
              "name": "Mace Windu",
            },
            Object {
              "id": 1,
              "name": "Yoda",
            },
          ]
    }
/>,
  Symbol(enzyme.__renderer__): Object {
    "batchedUpdates": [Function],
    "getNode": [Function],
    "render": [Function],
    "simulateEvent": [Function],
    "unmount": [Function],
  },
  Symbol(enzyme.__node__): Object {
    "instance": null,
    "key": null,
    "nodeType": "host",
    "props": Object {
      "children": Array [
        <ul>
          <li>
                    <Jedi
                              jedi={
                                        Object {
                                                  "id": 0,
                                                  "name": "Mace Windu",
                                                }
                              }
                    />
          </li>
          <li>
                    <Jedi
                              jedi={
                                        Object {
                                                  "id": 1,
                                                  "name": "Yoda",
                                                }
                              }
                    />
          </li>
</ul>,
        <Link
          replace={false}
          to="/create"
>
          Create jedi
</Link>,
      ],
      "className": "Home",
    },
    "ref": null,
    "rendered": Array [
      Object {
        "instance": null,
        "key": null,
        "nodeType": "host",
        "props": Object {
          "children": Array [
            <li>
              <Jedi
                            jedi={
                                          Object {
                                                        "id": 0,
                                                        "name": "Mace Windu",
                                                      }
                            }
              />
</li>,
            <li>
              <Jedi
                            jedi={
                                          Object {
                                                        "id": 1,
                                                        "name": "Yoda",
                                                      }
                            }
              />
</li>,
          ],
        },
        "ref": null,
        "rendered": Array [
          Object {
            "instance": null,
            "key": "0",
            "nodeType": "host",
            "props": Object {
              "children": <Jedi
                jedi={
                                Object {
                                                "id": 0,
                                                "name": "Mace Windu",
                                              }
                }
/>,
            },
            "ref": null,
            "rendered": Object {
              "instance": null,
              "key": null,
              "nodeType": "function",
              "props": Object {
                "jedi": Object {
                  "id": 0,
                  "name": "Mace Windu",
                },
              },
              "ref": null,
              "rendered": null,
              "type": [Function],
            },
            "type": "li",
          },
          Object {
            "instance": null,
            "key": "1",
            "nodeType": "host",
            "props": Object {
              "children": <Jedi
                jedi={
                                Object {
                                                "id": 1,
                                                "name": "Yoda",
                                              }
                }
/>,
            },
            "ref": null,
            "rendered": Object {
              "instance": null,
              "key": null,
              "nodeType": "function",
              "props": Object {
                "jedi": Object {
                  "id": 1,
                  "name": "Yoda",
                },
              },
              "ref": null,
              "rendered": null,
              "type": [Function],
            },
            "type": "li",
          },
        ],
        "type": "ul",
      },
      Object {
        "instance": null,
        "key": null,
        "nodeType": "class",
        "props": Object {
          "children": "Create jedi",
          "replace": false,
          "to": "/create",
        },
        "ref": null,
        "rendered": "Create jedi",
        "type": [Function],
      },
    ],
    "type": "div",
  },
  Symbol(enzyme.__nodes__): Array [
    Object {
      "instance": null,
      "key": null,
      "nodeType": "host",
      "props": Object {
        "children": Array [
          <ul>
            <li>
                        <Jedi
                                    jedi={
                                                Object {
                                                            "id": 0,
                                                            "name": "Mace Windu",
                                                          }
                                    }
                        />
            </li>
            <li>
                        <Jedi
                                    jedi={
                                                Object {
                                                            "id": 1,
                                                            "name": "Yoda",
                                                          }
                                    }
                        />
            </li>
</ul>,
          <Link
            replace={false}
            to="/create"
>
            Create jedi
</Link>,
        ],
        "className": "Home",
      },
      "ref": null,
      "rendered": Array [
        Object {
          "instance": null,
          "key": null,
          "nodeType": "host",
          "props": Object {
            "children": Array [
              <li>
                <Jedi
                                jedi={
                                                Object {
                                                                "id": 0,
                                                                "name": "Mace Windu",
                                                              }
                                }
                />
</li>,
              <li>
                <Jedi
                                jedi={
                                                Object {
                                                                "id": 1,
                                                                "name": "Yoda",
                                                              }
                                }
                />
</li>,
            ],
          },
          "ref": null,
          "rendered": Array [
            Object {
              "instance": null,
              "key": "0",
              "nodeType": "host",
              "props": Object {
                "children": <Jedi
                  jedi={
                                    Object {
                                                      "id": 0,
                                                      "name": "Mace Windu",
                                                    }
                  }
/>,
              },
              "ref": null,
              "rendered": Object {
                "instance": null,
                "key": null,
                "nodeType": "function",
                "props": Object {
                  "jedi": Object {
                    "id": 0,
                    "name": "Mace Windu",
                  },
                },
                "ref": null,
                "rendered": null,
                "type": [Function],
              },
              "type": "li",
            },
            Object {
              "instance": null,
              "key": "1",
              "nodeType": "host",
              "props": Object {
                "children": <Jedi
                  jedi={
                                    Object {
                                                      "id": 1,
                                                      "name": "Yoda",
                                                    }
                  }
/>,
              },
              "ref": null,
              "rendered": Object {
                "instance": null,
                "key": null,
                "nodeType": "function",
                "props": Object {
                  "jedi": Object {
                    "id": 1,
                    "name": "Yoda",
                  },
                },
                "ref": null,
                "rendered": null,
                "type": [Function],
              },
              "type": "li",
            },
          ],
          "type": "ul",
        },
        Object {
          "instance": null,
          "key": null,
          "nodeType": "class",
          "props": Object {
            "children": "Create jedi",
            "replace": false,
            "to": "/create",
          },
          "ref": null,
          "rendered": "Create jedi",
          "type": [Function],
        },
      ],
      "type": "div",
    },
  ],
  Symbol(enzyme.__options__): Object {
    "adapter": ReactSixteenAdapter {
      "options": Object {
        "enableComponentDidUpdateOnSetState": true,
      },
    },
  },
}
`;
