// Jest Snapshot v1, https://goo.gl/fbAQLP

exports[`should render properly 1`] = `
ShallowWrapper {
  "length": 1,
  Symbol(enzyme.__root__): [Circular],
  Symbol(enzyme.__unrendered__): <Jedi
    jedi={
        Object {
            "id": 0,
            "name": "Mace Windu",
          }
    }
/>,
  Symbol(enzyme.__renderer__): Object {
    "batchedUpdates": [Function],
    "getNode": [Function],
    "render": [Function],
    "simulateEvent": [Function],
    "unmount": [Function],
  },
  Symbol(enzyme.__node__): Object {
    "instance": null,
    "key": null,
    "nodeType": "host",
    "props": Object {
      "children": Array [
        "Jedi: id: ",
        0,
        "name: ",
        "Mace Windu",
      ],
    },
    "ref": null,
    "rendered": Array [
      "Jedi: id: ",
      0,
      "name: ",
      "Mace Windu",
    ],
    "type": "div",
  },
  Symbol(enzyme.__nodes__): Array [
    Object {
      "instance": null,
      "key": null,
      "nodeType": "host",
      "props": Object {
        "children": Array [
          "Jedi: id: ",
          0,
          "name: ",
          "Mace Windu",
        ],
      },
      "ref": null,
      "rendered": Array [
        "Jedi: id: ",
        0,
        "name: ",
        "Mace Windu",
      ],
      "type": "div",
    },
  ],
  Symbol(enzyme.__options__): Object {
    "adapter": ReactSixteenAdapter {
      "options": Object {
        "enableComponentDidUpdateOnSetState": true,
      },
    },
  },
}
`;
